------------------------------------------------------------
TimeQuest Timing Analyzer Summary
------------------------------------------------------------

Type  : Slow 1100mV 85C Model Setup 'clk_vga'
Slack : -14.068
TNS   : -338.473

Type  : Slow 1100mV 85C Model Setup 'CLOCK_50'
Slack : -4.269
TNS   : -1786.161

Type  : Slow 1100mV 85C Model Setup 'clk_dram'
Slack : -3.294
TNS   : -115.569

Type  : Slow 1100mV 85C Model Setup 'CPEN391_Computer:u0|CPEN391_Computer_ARM_A9_HPS:arm_a9_hps|CPEN391_Computer_ARM_A9_HPS_hps_io:hps_io|CPEN391_Computer_ARM_A9_HPS_hps_io_border:border|hps_sdram:hps_sdram_inst|hps_sdram_pll:pll|afi_clk_write_clk'
Slack : 1.730
TNS   : 0.000

Type  : Slow 1100mV 85C Model Setup 'altera_reserved_tck'
Slack : 7.027
TNS   : 0.000

Type  : Slow 1100mV 85C Model Setup 'u0|system_pll|sys_pll|altera_pll_i|general[0].gpll~PLL_OUTPUT_COUNTER|divclk'
Slack : 7.590
TNS   : 0.000

Type  : Slow 1100mV 85C Model Setup 'GraphicsController1|inst12|vga_clock_gen_inst|altera_pll_i|general[0].gpll~PLL_OUTPUT_COUNTER|divclk'
Slack : 25.182
TNS   : 0.000

Type  : Slow 1100mV 85C Model Hold 'u0|system_pll|sys_pll|altera_pll_i|general[0].gpll~PLL_OUTPUT_COUNTER|divclk'
Slack : -3.681
TNS   : -57.270

Type  : Slow 1100mV 85C Model Hold 'CPEN391_Computer:u0|CPEN391_Computer_ARM_A9_HPS:arm_a9_hps|CPEN391_Computer_ARM_A9_HPS_hps_io:hps_io|CPEN391_Computer_ARM_A9_HPS_hps_io_border:border|hps_sdram:hps_sdram_inst|hps_sdram_pll:pll|afi_clk_write_clk'
Slack : 0.143
TNS   : 0.000

Type  : Slow 1100mV 85C Model Hold 'altera_reserved_tck'
Slack : 0.225
TNS   : 0.000

Type  : Slow 1100mV 85C Model Hold 'CLOCK_50'
Slack : 0.260
TNS   : 0.000

Type  : Slow 1100mV 85C Model Hold 'GraphicsController1|inst12|vga_clock_gen_inst|altera_pll_i|general[0].gpll~PLL_OUTPUT_COUNTER|divclk'
Slack : 0.383
TNS   : 0.000

Type  : Slow 1100mV 85C Model Hold 'clk_vga'
Slack : 8.721
TNS   : 0.000

Type  : Slow 1100mV 85C Model Hold 'clk_dram'
Slack : 9.022
TNS   : 0.000

Type  : Slow 1100mV 85C Model Recovery 'CPEN391_Computer:u0|CPEN391_Computer_ARM_A9_HPS:arm_a9_hps|CPEN391_Computer_ARM_A9_HPS_hps_io:hps_io|CPEN391_Computer_ARM_A9_HPS_hps_io_border:border|hps_sdram:hps_sdram_inst|hps_sdram_pll:pll|afi_clk_write_clk'
Slack : 3.375
TNS   : 0.000

Type  : Slow 1100mV 85C Model Recovery 'u0|system_pll|sys_pll|altera_pll_i|general[0].gpll~PLL_OUTPUT_COUNTER|divclk'
Slack : 11.705
TNS   : 0.000

Type  : Slow 1100mV 85C Model Recovery 'altera_reserved_tck'
Slack : 14.176
TNS   : 0.000

Type  : Slow 1100mV 85C Model Removal 'CPEN391_Computer:u0|CPEN391_Computer_ARM_A9_HPS:arm_a9_hps|CPEN391_Computer_ARM_A9_HPS_hps_io:hps_io|CPEN391_Computer_ARM_A9_HPS_hps_io_border:border|hps_sdram:hps_sdram_inst|hps_sdram_pll:pll|afi_clk_write_clk'
Slack : 0.470
TNS   : 0.000

Type  : Slow 1100mV 85C Model Removal 'u0|system_pll|sys_pll|altera_pll_i|general[0].gpll~PLL_OUTPUT_COUNTER|divclk'
Slack : 0.629
TNS   : 0.000

Type  : Slow 1100mV 85C Model Removal 'altera_reserved_tck'
Slack : 0.706
TNS   : 0.000

Type  : Slow 1100mV 85C Model Minimum Pulse Width 'CPEN391_Computer:u0|CPEN391_Computer_ARM_A9_HPS:arm_a9_hps|CPEN391_Computer_ARM_A9_HPS_hps_io:hps_io|CPEN391_Computer_ARM_A9_HPS_hps_io_border:border|hps_sdram:hps_sdram_inst|hps_sdram_pll:pll|pll_write_clk_dq_write_clk'
Slack : 0.608
TNS   : 0.000

Type  : Slow 1100mV 85C Model Minimum Pulse Width 'CPEN391_Computer:u0|CPEN391_Computer_ARM_A9_HPS:arm_a9_hps|CPEN391_Computer_ARM_A9_HPS_hps_io:hps_io|CPEN391_Computer_ARM_A9_HPS_hps_io_border:border|hps_sdram:hps_sdram_inst|hps_sdram_pll:pll|afi_clk_write_clk'
Slack : 0.623
TNS   : 0.000

Type  : Slow 1100mV 85C Model Minimum Pulse Width 'u0|system_pll|sys_pll|altera_pll_i|general[0].gpll~FRACTIONAL_PLL|vcoph[0]'
Slack : 1.000
TNS   : 0.000

Type  : Slow 1100mV 85C Model Minimum Pulse Width 'GraphicsController1|inst12|vga_clock_gen_inst|altera_pll_i|general[0].gpll~FRACTIONAL_PLL|vcoph[0]'
Slack : 1.666
TNS   : 0.000

Type  : Slow 1100mV 85C Model Minimum Pulse Width 'u0|system_pll|sys_pll|altera_pll_i|general[0].gpll~PLL_OUTPUT_COUNTER|divclk'
Slack : 8.766
TNS   : 0.000

Type  : Slow 1100mV 85C Model Minimum Pulse Width 'CLOCK_50'
Slack : 8.868
TNS   : 0.000

Type  : Slow 1100mV 85C Model Minimum Pulse Width 'u0|system_pll|sys_pll|altera_pll_i|general[1].gpll~PLL_OUTPUT_COUNTER|divclk'
Slack : 9.854
TNS   : 0.000

Type  : Slow 1100mV 85C Model Minimum Pulse Width 'altera_reserved_tck'
Slack : 15.374
TNS   : 0.000

Type  : Slow 1100mV 85C Model Minimum Pulse Width 'GraphicsController1|inst12|vga_clock_gen_inst|altera_pll_i|general[0].gpll~PLL_OUTPUT_COUNTER|divclk'
Slack : 15.860
TNS   : 0.000

Type  : Slow 1100mV 0C Model Setup 'clk_vga'
Slack : -13.610
TNS   : -328.386

Type  : Slow 1100mV 0C Model Setup 'CLOCK_50'
Slack : -4.147
TNS   : -1006.188

Type  : Slow 1100mV 0C Model Setup 'clk_dram'
Slack : -3.057
TNS   : -106.891

Type  : Slow 1100mV 0C Model Setup 'CPEN391_Computer:u0|CPEN391_Computer_ARM_A9_HPS:arm_a9_hps|CPEN391_Computer_ARM_A9_HPS_hps_io:hps_io|CPEN391_Computer_ARM_A9_HPS_hps_io_border:border|hps_sdram:hps_sdram_inst|hps_sdram_pll:pll|afi_clk_write_clk'
Slack : 1.727
TNS   : 0.000

Type  : Slow 1100mV 0C Model Setup 'altera_reserved_tck'
Slack : 7.523
TNS   : 0.000

Type  : Slow 1100mV 0C Model Setup 'u0|system_pll|sys_pll|altera_pll_i|general[0].gpll~PLL_OUTPUT_COUNTER|divclk'
Slack : 7.867
TNS   : 0.000

Type  : Slow 1100mV 0C Model Setup 'GraphicsController1|inst12|vga_clock_gen_inst|altera_pll_i|general[0].gpll~PLL_OUTPUT_COUNTER|divclk'
Slack : 25.590
TNS   : 0.000

Type  : Slow 1100mV 0C Model Hold 'u0|system_pll|sys_pll|altera_pll_i|general[0].gpll~PLL_OUTPUT_COUNTER|divclk'
Slack : -3.985
TNS   : -62.122

Type  : Slow 1100mV 0C Model Hold 'CPEN391_Computer:u0|CPEN391_Computer_ARM_A9_HPS:arm_a9_hps|CPEN391_Computer_ARM_A9_HPS_hps_io:hps_io|CPEN391_Computer_ARM_A9_HPS_hps_io_border:border|hps_sdram:hps_sdram_inst|hps_sdram_pll:pll|afi_clk_write_clk'
Slack : 0.162
TNS   : 0.000

Type  : Slow 1100mV 0C Model Hold 'altera_reserved_tck'
Slack : 0.206
TNS   : 0.000

Type  : Slow 1100mV 0C Model Hold 'CLOCK_50'
Slack : 0.244
TNS   : 0.000

Type  : Slow 1100mV 0C Model Hold 'GraphicsController1|inst12|vga_clock_gen_inst|altera_pll_i|general[0].gpll~PLL_OUTPUT_COUNTER|divclk'
Slack : 0.405
TNS   : 0.000

Type  : Slow 1100mV 0C Model Hold 'clk_vga'
Slack : 8.546
TNS   : 0.000

Type  : Slow 1100mV 0C Model Hold 'clk_dram'
Slack : 8.874
TNS   : 0.000

Type  : Slow 1100mV 0C Model Recovery 'CPEN391_Computer:u0|CPEN391_Computer_ARM_A9_HPS:arm_a9_hps|CPEN391_Computer_ARM_A9_HPS_hps_io:hps_io|CPEN391_Computer_ARM_A9_HPS_hps_io_border:border|hps_sdram:hps_sdram_inst|hps_sdram_pll:pll|afi_clk_write_clk'
Slack : 3.468
TNS   : 0.000

Type  : Slow 1100mV 0C Model Recovery 'u0|system_pll|sys_pll|altera_pll_i|general[0].gpll~PLL_OUTPUT_COUNTER|divclk'
Slack : 11.896
TNS   : 0.000

Type  : Slow 1100mV 0C Model Recovery 'altera_reserved_tck'
Slack : 14.310
TNS   : 0.000

Type  : Slow 1100mV 0C Model Removal 'CPEN391_Computer:u0|CPEN391_Computer_ARM_A9_HPS:arm_a9_hps|CPEN391_Computer_ARM_A9_HPS_hps_io:hps_io|CPEN391_Computer_ARM_A9_HPS_hps_io_border:border|hps_sdram:hps_sdram_inst|hps_sdram_pll:pll|afi_clk_write_clk'
Slack : 0.460
TNS   : 0.000

Type  : Slow 1100mV 0C Model Removal 'u0|system_pll|sys_pll|altera_pll_i|general[0].gpll~PLL_OUTPUT_COUNTER|divclk'
Slack : 0.582
TNS   : 0.000

Type  : Slow 1100mV 0C Model Removal 'altera_reserved_tck'
Slack : 0.620
TNS   : 0.000

Type  : Slow 1100mV 0C Model Minimum Pulse Width 'CPEN391_Computer:u0|CPEN391_Computer_ARM_A9_HPS:arm_a9_hps|CPEN391_Computer_ARM_A9_HPS_hps_io:hps_io|CPEN391_Computer_ARM_A9_HPS_hps_io_border:border|hps_sdram:hps_sdram_inst|hps_sdram_pll:pll|pll_write_clk_dq_write_clk'
Slack : 0.613
TNS   : 0.000

Type  : Slow 1100mV 0C Model Minimum Pulse Width 'CPEN391_Computer:u0|CPEN391_Computer_ARM_A9_HPS:arm_a9_hps|CPEN391_Computer_ARM_A9_HPS_hps_io:hps_io|CPEN391_Computer_ARM_A9_HPS_hps_io_border:border|hps_sdram:hps_sdram_inst|hps_sdram_pll:pll|afi_clk_write_clk'
Slack : 0.630
TNS   : 0.000

Type  : Slow 1100mV 0C Model Minimum Pulse Width 'u0|system_pll|sys_pll|altera_pll_i|general[0].gpll~FRACTIONAL_PLL|vcoph[0]'
Slack : 1.000
TNS   : 0.000

Type  : Slow 1100mV 0C Model Minimum Pulse Width 'GraphicsController1|inst12|vga_clock_gen_inst|altera_pll_i|general[0].gpll~FRACTIONAL_PLL|vcoph[0]'
Slack : 1.666
TNS   : 0.000

Type  : Slow 1100mV 0C Model Minimum Pulse Width 'u0|system_pll|sys_pll|altera_pll_i|general[0].gpll~PLL_OUTPUT_COUNTER|divclk'
Slack : 8.741
TNS   : 0.000

Type  : Slow 1100mV 0C Model Minimum Pulse Width 'CLOCK_50'
Slack : 8.898
TNS   : 0.000

Type  : Slow 1100mV 0C Model Minimum Pulse Width 'u0|system_pll|sys_pll|altera_pll_i|general[1].gpll~PLL_OUTPUT_COUNTER|divclk'
Slack : 9.815
TNS   : 0.000

Type  : Slow 1100mV 0C Model Minimum Pulse Width 'altera_reserved_tck'
Slack : 15.367
TNS   : 0.000

Type  : Slow 1100mV 0C Model Minimum Pulse Width 'GraphicsController1|inst12|vga_clock_gen_inst|altera_pll_i|general[0].gpll~PLL_OUTPUT_COUNTER|divclk'
Slack : 15.841
TNS   : 0.000

Type  : Fast 1100mV 85C Model Setup 'clk_vga'
Slack : -8.494
TNS   : -207.180

Type  : Fast 1100mV 85C Model Setup 'CLOCK_50'
Slack : -0.533
TNS   : -2.259

Type  : Fast 1100mV 85C Model Setup 'clk_dram'
Slack : 1.526
TNS   : 0.000

Type  : Fast 1100mV 85C Model Setup 'CPEN391_Computer:u0|CPEN391_Computer_ARM_A9_HPS:arm_a9_hps|CPEN391_Computer_ARM_A9_HPS_hps_io:hps_io|CPEN391_Computer_ARM_A9_HPS_hps_io_border:border|hps_sdram:hps_sdram_inst|hps_sdram_pll:pll|afi_clk_write_clk'
Slack : 2.110
TNS   : 0.000

Type  : Fast 1100mV 85C Model Setup 'u0|system_pll|sys_pll|altera_pll_i|general[0].gpll~PLL_OUTPUT_COUNTER|divclk'
Slack : 9.766
TNS   : 0.000

Type  : Fast 1100mV 85C Model Setup 'altera_reserved_tck'
Slack : 10.796
TNS   : 0.000

Type  : Fast 1100mV 85C Model Setup 'GraphicsController1|inst12|vga_clock_gen_inst|altera_pll_i|general[0].gpll~PLL_OUTPUT_COUNTER|divclk'
Slack : 27.647
TNS   : 0.000

Type  : Fast 1100mV 85C Model Hold 'u0|system_pll|sys_pll|altera_pll_i|general[0].gpll~PLL_OUTPUT_COUNTER|divclk'
Slack : -1.645
TNS   : -25.275

Type  : Fast 1100mV 85C Model Hold 'altera_reserved_tck'
Slack : 0.061
TNS   : 0.000

Type  : Fast 1100mV 85C Model Hold 'CPEN391_Computer:u0|CPEN391_Computer_ARM_A9_HPS:arm_a9_hps|CPEN391_Computer_ARM_A9_HPS_hps_io:hps_io|CPEN391_Computer_ARM_A9_HPS_hps_io_border:border|hps_sdram:hps_sdram_inst|hps_sdram_pll:pll|afi_clk_write_clk'
Slack : 0.084
TNS   : 0.000

Type  : Fast 1100mV 85C Model Hold 'CLOCK_50'
Slack : 0.155
TNS   : 0.000

Type  : Fast 1100mV 85C Model Hold 'GraphicsController1|inst12|vga_clock_gen_inst|altera_pll_i|general[0].gpll~PLL_OUTPUT_COUNTER|divclk'
Slack : 0.185
TNS   : 0.000

Type  : Fast 1100mV 85C Model Hold 'clk_vga'
Slack : 4.616
TNS   : 0.000

Type  : Fast 1100mV 85C Model Hold 'clk_dram'
Slack : 5.081
TNS   : 0.000

Type  : Fast 1100mV 85C Model Recovery 'CPEN391_Computer:u0|CPEN391_Computer_ARM_A9_HPS:arm_a9_hps|CPEN391_Computer_ARM_A9_HPS_hps_io:hps_io|CPEN391_Computer_ARM_A9_HPS_hps_io_border:border|hps_sdram:hps_sdram_inst|hps_sdram_pll:pll|afi_clk_write_clk'
Slack : 3.727
TNS   : 0.000

Type  : Fast 1100mV 85C Model Recovery 'u0|system_pll|sys_pll|altera_pll_i|general[0].gpll~PLL_OUTPUT_COUNTER|divclk'
Slack : 14.680
TNS   : 0.000

Type  : Fast 1100mV 85C Model Recovery 'altera_reserved_tck'
Slack : 15.467
TNS   : 0.000

Type  : Fast 1100mV 85C Model Removal 'altera_reserved_tck'
Slack : 0.245
TNS   : 0.000

Type  : Fast 1100mV 85C Model Removal 'u0|system_pll|sys_pll|altera_pll_i|general[0].gpll~PLL_OUTPUT_COUNTER|divclk'
Slack : 0.334
TNS   : 0.000

Type  : Fast 1100mV 85C Model Removal 'CPEN391_Computer:u0|CPEN391_Computer_ARM_A9_HPS:arm_a9_hps|CPEN391_Computer_ARM_A9_HPS_hps_io:hps_io|CPEN391_Computer_ARM_A9_HPS_hps_io_border:border|hps_sdram:hps_sdram_inst|hps_sdram_pll:pll|afi_clk_write_clk'
Slack : 0.497
TNS   : 0.000

Type  : Fast 1100mV 85C Model Minimum Pulse Width 'CPEN391_Computer:u0|CPEN391_Computer_ARM_A9_HPS:arm_a9_hps|CPEN391_Computer_ARM_A9_HPS_hps_io:hps_io|CPEN391_Computer_ARM_A9_HPS_hps_io_border:border|hps_sdram:hps_sdram_inst|hps_sdram_pll:pll|pll_write_clk_dq_write_clk'
Slack : 0.883
TNS   : 0.000

Type  : Fast 1100mV 85C Model Minimum Pulse Width 'CPEN391_Computer:u0|CPEN391_Computer_ARM_A9_HPS:arm_a9_hps|CPEN391_Computer_ARM_A9_HPS_hps_io:hps_io|CPEN391_Computer_ARM_A9_HPS_hps_io_border:border|hps_sdram:hps_sdram_inst|hps_sdram_pll:pll|afi_clk_write_clk'
Slack : 0.891
TNS   : 0.000

Type  : Fast 1100mV 85C Model Minimum Pulse Width 'u0|system_pll|sys_pll|altera_pll_i|general[0].gpll~FRACTIONAL_PLL|vcoph[0]'
Slack : 1.000
TNS   : 0.000

Type  : Fast 1100mV 85C Model Minimum Pulse Width 'GraphicsController1|inst12|vga_clock_gen_inst|altera_pll_i|general[0].gpll~FRACTIONAL_PLL|vcoph[0]'
Slack : 1.666
TNS   : 0.000

Type  : Fast 1100mV 85C Model Minimum Pulse Width 'CLOCK_50'
Slack : 8.475
TNS   : 0.000

Type  : Fast 1100mV 85C Model Minimum Pulse Width 'u0|system_pll|sys_pll|altera_pll_i|general[0].gpll~PLL_OUTPUT_COUNTER|divclk'
Slack : 8.881
TNS   : 0.000

Type  : Fast 1100mV 85C Model Minimum Pulse Width 'u0|system_pll|sys_pll|altera_pll_i|general[1].gpll~PLL_OUTPUT_COUNTER|divclk'
Slack : 9.908
TNS   : 0.000

Type  : Fast 1100mV 85C Model Minimum Pulse Width 'altera_reserved_tck'
Slack : 15.294
TNS   : 0.000

Type  : Fast 1100mV 85C Model Minimum Pulse Width 'GraphicsController1|inst12|vga_clock_gen_inst|altera_pll_i|general[0].gpll~PLL_OUTPUT_COUNTER|divclk'
Slack : 16.207
TNS   : 0.000

Type  : Fast 1100mV 0C Model Setup 'clk_vga'
Slack : -7.997
TNS   : -194.936

Type  : Fast 1100mV 0C Model Setup 'CLOCK_50'
Slack : -0.264
TNS   : -0.817

Type  : Fast 1100mV 0C Model Setup 'clk_dram'
Slack : 1.875
TNS   : 0.000

Type  : Fast 1100mV 0C Model Setup 'CPEN391_Computer:u0|CPEN391_Computer_ARM_A9_HPS:arm_a9_hps|CPEN391_Computer_ARM_A9_HPS_hps_io:hps_io|CPEN391_Computer_ARM_A9_HPS_hps_io_border:border|hps_sdram:hps_sdram_inst|hps_sdram_pll:pll|afi_clk_write_clk'
Slack : 2.110
TNS   : 0.000

Type  : Fast 1100mV 0C Model Setup 'u0|system_pll|sys_pll|altera_pll_i|general[0].gpll~PLL_OUTPUT_COUNTER|divclk'
Slack : 10.222
TNS   : 0.000

Type  : Fast 1100mV 0C Model Setup 'altera_reserved_tck'
Slack : 11.659
TNS   : 0.000

Type  : Fast 1100mV 0C Model Setup 'GraphicsController1|inst12|vga_clock_gen_inst|altera_pll_i|general[0].gpll~PLL_OUTPUT_COUNTER|divclk'
Slack : 28.413
TNS   : 0.000

Type  : Fast 1100mV 0C Model Hold 'u0|system_pll|sys_pll|altera_pll_i|general[0].gpll~PLL_OUTPUT_COUNTER|divclk'
Slack : -2.096
TNS   : -32.493

Type  : Fast 1100mV 0C Model Hold 'altera_reserved_tck'
Slack : 0.052
TNS   : 0.000

Type  : Fast 1100mV 0C Model Hold 'CPEN391_Computer:u0|CPEN391_Computer_ARM_A9_HPS:arm_a9_hps|CPEN391_Computer_ARM_A9_HPS_hps_io:hps_io|CPEN391_Computer_ARM_A9_HPS_hps_io_border:border|hps_sdram:hps_sdram_inst|hps_sdram_pll:pll|afi_clk_write_clk'
Slack : 0.077
TNS   : 0.000

Type  : Fast 1100mV 0C Model Hold 'CLOCK_50'
Slack : 0.142
TNS   : 0.000

Type  : Fast 1100mV 0C Model Hold 'GraphicsController1|inst12|vga_clock_gen_inst|altera_pll_i|general[0].gpll~PLL_OUTPUT_COUNTER|divclk'
Slack : 0.176
TNS   : 0.000

Type  : Fast 1100mV 0C Model Hold 'clk_vga'
Slack : 4.292
TNS   : 0.000

Type  : Fast 1100mV 0C Model Hold 'clk_dram'
Slack : 4.764
TNS   : 0.000

Type  : Fast 1100mV 0C Model Recovery 'CPEN391_Computer:u0|CPEN391_Computer_ARM_A9_HPS:arm_a9_hps|CPEN391_Computer_ARM_A9_HPS_hps_io:hps_io|CPEN391_Computer_ARM_A9_HPS_hps_io_border:border|hps_sdram:hps_sdram_inst|hps_sdram_pll:pll|afi_clk_write_clk'
Slack : 3.825
TNS   : 0.000

Type  : Fast 1100mV 0C Model Recovery 'u0|system_pll|sys_pll|altera_pll_i|general[0].gpll~PLL_OUTPUT_COUNTER|divclk'
Slack : 15.380
TNS   : 0.000

Type  : Fast 1100mV 0C Model Recovery 'altera_reserved_tck'
Slack : 15.700
TNS   : 0.000

Type  : Fast 1100mV 0C Model Removal 'altera_reserved_tck'
Slack : 0.188
TNS   : 0.000

Type  : Fast 1100mV 0C Model Removal 'u0|system_pll|sys_pll|altera_pll_i|general[0].gpll~PLL_OUTPUT_COUNTER|divclk'
Slack : 0.304
TNS   : 0.000

Type  : Fast 1100mV 0C Model Removal 'CPEN391_Computer:u0|CPEN391_Computer_ARM_A9_HPS:arm_a9_hps|CPEN391_Computer_ARM_A9_HPS_hps_io:hps_io|CPEN391_Computer_ARM_A9_HPS_hps_io_border:border|hps_sdram:hps_sdram_inst|hps_sdram_pll:pll|afi_clk_write_clk'
Slack : 0.473
TNS   : 0.000

Type  : Fast 1100mV 0C Model Minimum Pulse Width 'CPEN391_Computer:u0|CPEN391_Computer_ARM_A9_HPS:arm_a9_hps|CPEN391_Computer_ARM_A9_HPS_hps_io:hps_io|CPEN391_Computer_ARM_A9_HPS_hps_io_border:border|hps_sdram:hps_sdram_inst|hps_sdram_pll:pll|pll_write_clk_dq_write_clk'
Slack : 0.887
TNS   : 0.000

Type  : Fast 1100mV 0C Model Minimum Pulse Width 'CPEN391_Computer:u0|CPEN391_Computer_ARM_A9_HPS:arm_a9_hps|CPEN391_Computer_ARM_A9_HPS_hps_io:hps_io|CPEN391_Computer_ARM_A9_HPS_hps_io_border:border|hps_sdram:hps_sdram_inst|hps_sdram_pll:pll|afi_clk_write_clk'
Slack : 0.894
TNS   : 0.000

Type  : Fast 1100mV 0C Model Minimum Pulse Width 'u0|system_pll|sys_pll|altera_pll_i|general[0].gpll~FRACTIONAL_PLL|vcoph[0]'
Slack : 1.000
TNS   : 0.000

Type  : Fast 1100mV 0C Model Minimum Pulse Width 'GraphicsController1|inst12|vga_clock_gen_inst|altera_pll_i|general[0].gpll~FRACTIONAL_PLL|vcoph[0]'
Slack : 1.666
TNS   : 0.000

Type  : Fast 1100mV 0C Model Minimum Pulse Width 'CLOCK_50'
Slack : 8.432
TNS   : 0.000

Type  : Fast 1100mV 0C Model Minimum Pulse Width 'u0|system_pll|sys_pll|altera_pll_i|general[0].gpll~PLL_OUTPUT_COUNTER|divclk'
Slack : 8.884
TNS   : 0.000

Type  : Fast 1100mV 0C Model Minimum Pulse Width 'u0|system_pll|sys_pll|altera_pll_i|general[1].gpll~PLL_OUTPUT_COUNTER|divclk'
Slack : 9.906
TNS   : 0.000

Type  : Fast 1100mV 0C Model Minimum Pulse Width 'altera_reserved_tck'
Slack : 15.287
TNS   : 0.000

Type  : Fast 1100mV 0C Model Minimum Pulse Width 'GraphicsController1|inst12|vga_clock_gen_inst|altera_pll_i|general[0].gpll~PLL_OUTPUT_COUNTER|divclk'
Slack : 16.200
TNS   : 0.000

------------------------------------------------------------
Info: see the "DDR report" for DDR timing results
------------------------------------------------------------
------------------------------------------------------------
